Archive member included to satisfy reference by file (symbol)

C:/Users/Ryujou/AppData/Local/stm32cube/bundles/gnu-tools-for-stm32/14.3.1+st.2/bin/../lib/gcc/arm-none-eabi/14.3.1/thumb/v6-m/nofp\libgcc.a(_thumb1_case_uqi.o)
                              cmake/stm32cubemx/CMakeFiles/STM32_Drivers.dir/__/__/Drivers/STM32G0xx_HAL_Driver/Src/stm32g0xx_hal_i2c.c.obj (__gnu_thumb1_case_uqi)
C:/Users/Ryujou/AppData/Local/stm32cube/bundles/gnu-tools-for-stm32/14.3.1+st.2/bin/../lib/gcc/arm-none-eabi/14.3.1/thumb/v6-m/nofp\libgcc.a(_udivsi3.o)
                              cmake/stm32cubemx/CMakeFiles/STM32_Drivers.dir/__/__/Core/Src/system_stm32g0xx.c.obj (__aeabi_uidiv)
C:/Users/Ryujou/AppData/Local/stm32cube/bundles/gnu-tools-for-stm32/14.3.1+st.2/bin/../lib/gcc/arm-none-eabi/14.3.1/thumb/v6-m/nofp\libgcc.a(_dvmd_tls.o)
                              C:/Users/Ryujou/AppData/Local/stm32cube/bundles/gnu-tools-for-stm32/14.3.1+st.2/bin/../lib/gcc/arm-none-eabi/14.3.1/thumb/v6-m/nofp\libgcc.a(_udivsi3.o) (__aeabi_idiv0)
C:/Users/Ryujou/AppData/Local/stm32cube/bundles/gnu-tools-for-stm32/14.3.1+st.2/bin/../lib/gcc/arm-none-eabi/14.3.1/../../../../arm-none-eabi/lib/thumb/v6-m/nofp\libg_nano.a(libc_a-exit.o)
                              C:/Users/Ryujou/AppData/Local/stm32cube/bundles/gnu-tools-for-stm32/14.3.1+st.2/bin/../lib/gcc/arm-none-eabi/14.3.1/../../../../arm-none-eabi/lib/thumb/v6-m/nofp/crt0.o (exit)
C:/Users/Ryujou/AppData/Local/stm32cube/bundles/gnu-tools-for-stm32/14.3.1+st.2/bin/../lib/gcc/arm-none-eabi/14.3.1/../../../../arm-none-eabi/lib/thumb/v6-m/nofp\libg_nano.a(libc_a-findfp.o)
                              C:/Users/Ryujou/AppData/Local/stm32cube/bundles/gnu-tools-for-stm32/14.3.1+st.2/bin/../lib/gcc/arm-none-eabi/14.3.1/../../../../arm-none-eabi/lib/thumb/v6-m/nofp\libg_nano.a(libc_a-exit.o) (__stdio_exit_handler)
C:/Users/Ryujou/AppData/Local/stm32cube/bundles/gnu-tools-for-stm32/14.3.1+st.2/bin/../lib/gcc/arm-none-eabi/14.3.1/../../../../arm-none-eabi/lib/thumb/v6-m/nofp\libg_nano.a(libc_a-fwalk.o)
                              C:/Users/Ryujou/AppData/Local/stm32cube/bundles/gnu-tools-for-stm32/14.3.1+st.2/bin/../lib/gcc/arm-none-eabi/14.3.1/../../../../arm-none-eabi/lib/thumb/v6-m/nofp\libg_nano.a(libc_a-findfp.o) (_fwalk_sglue)
C:/Users/Ryujou/AppData/Local/stm32cube/bundles/gnu-tools-for-stm32/14.3.1+st.2/bin/../lib/gcc/arm-none-eabi/14.3.1/../../../../arm-none-eabi/lib/thumb/v6-m/nofp\libg_nano.a(libc_a-stdio.o)
                              C:/Users/Ryujou/AppData/Local/stm32cube/bundles/gnu-tools-for-stm32/14.3.1+st.2/bin/../lib/gcc/arm-none-eabi/14.3.1/../../../../arm-none-eabi/lib/thumb/v6-m/nofp\libg_nano.a(libc_a-findfp.o) (__sread)
C:/Users/Ryujou/AppData/Local/stm32cube/bundles/gnu-tools-for-stm32/14.3.1+st.2/bin/../lib/gcc/arm-none-eabi/14.3.1/../../../../arm-none-eabi/lib/thumb/v6-m/nofp\libg_nano.a(libc_a-memset.o)
                              C:/Users/Ryujou/AppData/Local/stm32cube/bundles/gnu-tools-for-stm32/14.3.1+st.2/bin/../lib/gcc/arm-none-eabi/14.3.1/../../../../arm-none-eabi/lib/thumb/v6-m/nofp/crt0.o (memset)
C:/Users/Ryujou/AppData/Local/stm32cube/bundles/gnu-tools-for-stm32/14.3.1+st.2/bin/../lib/gcc/arm-none-eabi/14.3.1/../../../../arm-none-eabi/lib/thumb/v6-m/nofp\libg_nano.a(libc_a-closer.o)
                              C:/Users/Ryujou/AppData/Local/stm32cube/bundles/gnu-tools-for-stm32/14.3.1+st.2/bin/../lib/gcc/arm-none-eabi/14.3.1/../../../../arm-none-eabi/lib/thumb/v6-m/nofp\libg_nano.a(libc_a-stdio.o) (_close_r)
C:/Users/Ryujou/AppData/Local/stm32cube/bundles/gnu-tools-for-stm32/14.3.1+st.2/bin/../lib/gcc/arm-none-eabi/14.3.1/../../../../arm-none-eabi/lib/thumb/v6-m/nofp\libg_nano.a(libc_a-reent.o)
                              C:/Users/Ryujou/AppData/Local/stm32cube/bundles/gnu-tools-for-stm32/14.3.1+st.2/bin/../lib/gcc/arm-none-eabi/14.3.1/../../../../arm-none-eabi/lib/thumb/v6-m/nofp\libg_nano.a(libc_a-closer.o) (errno)
C:/Users/Ryujou/AppData/Local/stm32cube/bundles/gnu-tools-for-stm32/14.3.1+st.2/bin/../lib/gcc/arm-none-eabi/14.3.1/../../../../arm-none-eabi/lib/thumb/v6-m/nofp\libg_nano.a(libc_a-impure.o)
                              C:/Users/Ryujou/AppData/Local/stm32cube/bundles/gnu-tools-for-stm32/14.3.1+st.2/bin/../lib/gcc/arm-none-eabi/14.3.1/../../../../arm-none-eabi/lib/thumb/v6-m/nofp\libg_nano.a(libc_a-reent.o) (_impure_ptr)
C:/Users/Ryujou/AppData/Local/stm32cube/bundles/gnu-tools-for-stm32/14.3.1+st.2/bin/../lib/gcc/arm-none-eabi/14.3.1/../../../../arm-none-eabi/lib/thumb/v6-m/nofp\libg_nano.a(libc_a-lseekr.o)
                              C:/Users/Ryujou/AppData/Local/stm32cube/bundles/gnu-tools-for-stm32/14.3.1+st.2/bin/../lib/gcc/arm-none-eabi/14.3.1/../../../../arm-none-eabi/lib/thumb/v6-m/nofp\libg_nano.a(libc_a-stdio.o) (_lseek_r)
C:/Users/Ryujou/AppData/Local/stm32cube/bundles/gnu-tools-for-stm32/14.3.1+st.2/bin/../lib/gcc/arm-none-eabi/14.3.1/../../../../arm-none-eabi/lib/thumb/v6-m/nofp\libg_nano.a(libc_a-readr.o)
[...]
Memory Configuration

Name             Origin             Length             Attributes
RAM              0x20000000         0x00002000         xrw
FLASH            0x08000000         0x00008000         xr
*default*        0x00000000         0xffffffff

Linker script and memory map

LOAD C:/Users/Ryujou/AppData/Local/stm32cube/bundles/gnu-tools-for-stm32/14.3.1+st.2/bin/../lib/gcc/arm-none-eabi/14.3.1/thumb/v6-m/nofp/crti.o
LOAD C:/Users/Ryujou/AppData/Local/stm32cube/bundles/gnu-tools-for-stm32/14.3.1+st.2/bin/../lib/gcc/arm-none-eabi/14.3.1/thumb/v6-m/nofp/crtbegin.o
LOAD C:/Users/Ryujou/AppData/Local/stm32cube/bundles/gnu-tools-for-stm32/14.3.1+st.2/bin/../lib/gcc/arm-none-eabi/14.3.1/../../../../arm-none-eabi/lib/thumb/v6-m/nofp/crt0.o
LOAD cmake/stm32cubemx/CMakeFiles/STM32_Drivers.dir/__/__/Core/Src/system_stm32g0xx.c.obj
LOAD cmake/stm32cubemx/CMakeFiles/STM32_Drivers.dir/__/__/Drivers/STM32G0xx_HAL_Driver/Src/stm32g0xx_hal_i2c.c.obj
LOAD cmake/stm32cubemx/CMakeFiles/STM32_Drivers.dir/__/__/Drivers/STM32G0xx_HAL_Driver/Src/stm32g0xx_hal_i2c_ex.c.obj
LOAD cmake/stm32cubemx/CMakeFiles/STM32_Drivers.dir/__/__/Drivers/STM32G0xx_HAL_Driver/Src/stm32g0xx_hal_rcc.c.obj
LOAD cmake/stm32cubemx/CMakeFiles/STM32_Drivers.dir/__/__/Drivers/STM32G0xx_HAL_Driver/Src/stm32g0xx_hal_rcc_ex.c.obj
LOAD cmake/stm32cubemx/CMakeFiles/STM32_Drivers.dir/__/__/Drivers/STM32G0xx_HAL_Driver/Src/stm32g0xx_ll_rcc.c.obj
LOAD cmake/stm32cubemx/CMakeFiles/STM32_Drivers.dir/__/__/Drivers/STM32G0xx_HAL_Driver/Src/stm32g0xx_hal_flash.c.obj
LOAD cmake/stm32cubemx/CMakeFiles/STM32_Drivers.dir/__/__/Drivers/STM32G0xx_HAL_Driver/Src/stm32g0xx_hal_flash_ex.c.obj
LOAD cmake/stm32cubemx/CMakeFiles/STM32_Drivers.dir/__/__/Drivers/STM32G0xx_HAL_Driver/Src/stm32g0xx_hal_gpio.c.obj
LOAD cmake/stm32cubemx/CMakeFiles/STM32_Drivers.dir/__/__/Drivers/STM32G0xx_HAL_Driver/Src/stm32g0xx_hal_dma.c.obj
LOAD cmake/stm32cubemx/CMakeFiles/STM32_Drivers.dir/__/__/Drivers/STM32G0xx_HAL_Driver/Src/stm32g0xx_hal_dma_ex.c.obj
LOAD cmake/stm32cubemx/CMakeFiles/STM32_Drivers.dir/__/__/Drivers/STM32G0xx_HAL_Driver/Src/stm32g0xx_hal_pwr.c.obj
LOAD cmake/stm32cubemx/CMakeFiles/STM32_Drivers.dir/__/__/Drivers/STM32G0xx_HAL_Driver/Src/stm32g0xx_hal_pwr_ex.c.obj
LOAD cmake/stm32cubemx/CMakeFiles/STM32_Drivers.dir/__/__/Drivers/STM32G0xx_HAL_Driver/Src/stm32g0xx_hal_cortex.c.obj
LOAD cmake/stm32cubemx/CMakeFiles/STM32_Drivers.dir/__/__/Drivers/STM32G0xx_HAL_Driver/Src/stm32g0xx_hal.c.obj
LOAD cmake/stm32cubemx/CMakeFiles/STM32_Drivers.dir/__/__/Drivers/STM32G0xx_HAL_Driver/Src/stm32g0xx_hal_exti.c.obj
LOAD CMakeFiles/nichirin_V2.dir/Core/Src/main.c.obj
LOAD CMakeFiles/nichirin_V2.dir/Core/Src/stm32g0xx_it.c.obj
LOAD CMakeFiles/nichirin_V2.dir/Core/Src/stm32g0xx_hal_msp.c.obj
LOAD CMakeFiles/nichirin_V2.dir/Core/Src/sysmem.c.obj
LOAD CMakeFiles/nichirin_V2.dir/Core/Src/syscalls.c.obj
LOAD CMakeFiles/nichirin_V2.dir/startup_stm32g030xx.s.obj
LOAD CMakeFiles/nichirin_V2.dir/Core/Src/app/app.c.obj
LOAD CMakeFiles/nichirin_V2.dir/Core/Src/drivers/encoder.c.obj
LOAD CMakeFiles/nichirin_V2.dir/Core/Src/drivers/tlc59116.c.obj
LOAD CMakeFiles/nichirin_V2.dir/Core/Src/storage/flash_cfg.c.obj
LOAD C:/Users/Ryujou/AppData/Local/stm32cube/bundles/gnu-tools-for-stm32/14.3.1+st.2/bin/../lib/gcc/arm-none-eabi/14.3.1/../../../../arm-none-eabi/lib/thumb/v6-m/nofp\libm.a
START GROUP
LOAD C:/Users/Ryujou/AppData/Local/stm32cube/bundles/gnu-tools-for-stm32/14.3.1+st.2/bin/../lib/gcc/arm-none-eabi/14.3.1/thumb/v6-m/nofp\libgcc.a
LOAD C:/Users/Ryujou/AppData/Local/stm32cube/bundles/gnu-tools-for-stm32/14.3.1+st.2/bin/../lib/gcc/arm-none-eabi/14.3.1/../../../../arm-none-eabi/lib/thumb/v6-m/nofp\libg_nano.a
LOAD C:/Users/Ryujou/AppData/Local/stm32cube/bundles/gnu-tools-for-stm32/14.3.1+st.2/bin/../lib/gcc/arm-none-eabi/14.3.1/../../../../arm-none-eabi/lib/thumb/v6-m/nofp\libc_nano.a
END GROUP
START GROUP
LOAD C:/Users/Ryujou/AppData/Local/stm32cube/bundles/gnu-tools-for-stm32/14.3.1+st.2/bin/../lib/gcc/arm-none-eabi/14.3.1/thumb/v6-m/nofp\libgcc.a
LOAD C:/Users/Ryujou/AppData/Local/stm32cube/bundles/gnu-tools-for-stm32/14.3.1+st.2/bin/../lib/gcc/arm-none-eabi/14.3.1/../../../../arm-none-eabi/lib/thumb/v6-m/nofp\libc_nano.a
END GROUP
LOAD C:/Users/Ryujou/AppData/Local/stm32cube/bundles/gnu-tools-for-stm32/14.3.1+st.2/bin/../lib/gcc/arm-none-eabi/14.3.1/thumb/v6-m/nofp/crtend.o
LOAD C:/Users/Ryujou/AppData/Local/stm32cube/bundles/gnu-tools-for-stm32/14.3.1+st.2/bin/../lib/gcc/arm-none-eabi/14.3.1/thumb/v6-m/nofp/crtn.o
                0x20002000                        _estack = (ORIGIN (RAM) + LENGTH (RAM))
                0x00000200                        _Min_Heap_Size = 0x200
                0x00000400                        _Min_Stack_Size = 0x400

.isr_vector     0x08000000       0xb8
                0x08000000                        . = ALIGN (0x4)
 *(.isr_vector)
 .isr_vector    0x08000000       0xb8 CMakeFiles/nichirin_V2.dir/startup_stm32g030xx.s.obj
                0x08000000                g_pfnVectors
                0x080000b8                        . = ALIGN (0x4)

.text           0x080000b8     0x2100
                0x080000b8                        . = ALIGN (0x4)
 *(.text)
 .text          0x080000b8       0x48 C:/Users/Ryujou/AppData/Local/stm32cube/bundles/gnu-tools-for-stm32/14.3.1+st.2/bin/../lib/gcc/arm-none-eabi/14.3.1/thumb/v6-m/nofp/crtbegin.o
 .text          0x08000100       0x14 C:/Users/Ryujou/AppData/Local/stm32cube/bundles/gnu-tools-for-stm32/14.3.1+st.2/bin/../lib/gcc/arm-none-eabi/14.3.1/thumb/v6-m/nofp\libgcc.a(_thumb1_case_uqi.o)
                0x08000100                __gnu_thumb1_case_uqi
 .text          0x08000114      0x114 C:/Users/Ryujou/AppData/Local/stm32cube/bundles/gnu-tools-for-stm32/14.3.1+st.2/bin/../lib/gcc/arm-none-eabi/14.3.1/thumb/v6-m/nofp\libgcc.a(_udivsi3.o)
                0x08000114                __aeabi_uidiv
                0x08000114                __udivsi3
                0x08000220                __aeabi_uidivmod
 .text          0x08000228        0x4 C:/Users/Ryujou/AppData/Local/stm32cube/bundles/gnu-tools-for-stm32/14.3.1+st.2/bin/../lib/gcc/arm-none-eabi/14.3.1/thumb/v6-m/nofp\libgcc.a(_dvmd_tls.o)
                0x08000228                __aeabi_idiv0
                0x08000228                __aeabi_ldiv0
 *(.text*)
 .text.SystemInit
                0x0800022c        0x2 cmake/stm32cubemx/CMakeFiles/STM32_Drivers.dir/__/__/Core/Src/system_stm32g0xx.c.obj
                0x0800022c                SystemInit
 .text.I2C_Flush_TXDR
                0x0800022e       0x1c cmake/stm32cubemx/CMakeFiles/STM32_Drivers.dir/__/__/Drivers/STM32G0xx_HAL_Driver/Src/stm32g0xx_hal_i2c.c.obj
 *fill*         0x0800024a        0x2 
 .text.I2C_TransferConfig
                0x0800024c       0x2c cmake/stm32cubemx/CMakeFiles/STM32_Drivers.dir/__/__/Drivers/STM32G0xx_HAL_Driver/Src/stm32g0xx_hal_i2c.c.obj
 .text.I2C_IsErrorOccurred
                0x08000278      0x100 cmake/stm32cubemx/CMakeFiles/STM32_Drivers.dir/__/__/Drivers/STM32G0xx_HAL_Driver/Src/stm32g0xx_hal_i2c.c.obj
 .text.I2C_WaitOnTXISFlagUntilTimeout
                0x08000378       0x5c cmake/stm32cubemx/CMakeFiles/STM32_Drivers.dir/__/__/Drivers/STM32G0xx_HAL_Driver/Src/stm32g0xx_hal_i2c.c.obj
 .text.I2C_WaitOnFlagUntilTimeout
                0x080003d4       0x6e cmake/stm32cubemx/CMakeFiles/STM32_Drivers.dir/__/__/Drivers/STM32G0xx_HAL_Driver/Src/stm32g0xx_hal_i2c.c.obj
 .text.I2C_WaitOnSTOPFlagUntilTimeout
                0x08000442       0x54 cmake/stm32cubemx/CMakeFiles/STM32_Drivers.dir/__/__/Drivers/STM32G0xx_HAL_Driver/Src/stm32g0xx_hal_i2c.c.obj
 *fill*         0x08000496        0x2 
 .text.HAL_I2C_Init
                0x08000498       0xbc cmake/stm32cubemx/CMakeFiles/STM32_Drivers.dir/__/__/Drivers/STM32G0xx_HAL_Driver/Src/stm32g0xx_hal_i2c.c.obj
                0x08000498                HAL_I2C_Init
 .text.HAL_I2C_Mem_Write
                0x08000554      0x1b4 cmake/stm32cubemx/CMakeFiles/STM32_Drivers.dir/__/__/Drivers/STM32G0xx_HAL_Driver/Src/stm32g0xx_hal_i2c.c.obj
                0x08000554                HAL_I2C_Mem_Write
 .text.HAL_I2CEx_ConfigAnalogFilter
                0x08000708       0x4c cmake/stm32cubemx/CMakeFiles/STM32_Drivers.dir/__/__/Drivers/STM32G0xx_HAL_Driver/Src/stm32g0xx_hal_i2c_ex.c.obj
                0x08000708                HAL_I2CEx_ConfigAnalogFilter
 .text.HAL_I2CEx_ConfigDigitalFilter
                0x08000754       0x48 cmake/stm32cubemx/CMakeFiles/STM32_Drivers.dir/__/__/Drivers/STM32G0xx_HAL_Driver/Src/stm32g0xx_hal_i2c_ex.c.obj
                0x08000754                HAL_I2CEx_ConfigDigitalFilter
 .text.HAL_RCC_OscConfig
                0x0800079c      0x438 cmake/stm32cubemx/CMakeFiles/STM32_Drivers.dir/__/__/Drivers/STM32G0xx_HAL_Driver/Src/stm32g0xx_hal_rcc.c.obj
                0x0800079c                HAL_RCC_OscConfig
 .text.HAL_RCC_GetSysClockFreq
                0x08000bd4       0x88 cmake/stm32cubemx/CMakeFiles/STM32_Drivers.dir/__/__/Drivers/STM32G0xx_HAL_Driver/Src/stm32g0xx_hal_rcc.c.obj
                0x08000bd4                HAL_RCC_GetSysClockFreq
 .text.HAL_RCC_ClockConfig
                0x08000c5c      0x154 cmake/stm32cubemx/CMakeFiles/STM32_Drivers.dir/__/__/Drivers/STM32G0xx_HAL_Driver/Src/stm32g0xx_hal_rcc.c.obj
                0x08000c5c                HAL_RCC_ClockConfig
 .text.HAL_RCCEx_PeriphCLKConfig
                0x08000db0      0x154 cmake/stm32cubemx/CMakeFiles/STM32_Drivers.dir/__/__/Drivers/STM32G0xx_HAL_Driver/Src/stm32g0xx_hal_rcc_ex.c.obj
                0x08000db0                HAL_RCCEx_PeriphCLKConfig
 .text.HAL_FLASH_Unlock
                0x08000f04       0x24 cmake/stm32cubemx/CMakeFiles/STM32_Drivers.dir/__/__/Drivers/STM32G0xx_HAL_Driver/Src/stm32g0xx_hal_flash.c.obj
                0x08000f04                HAL_FLASH_Unlock
 .text.FLASH_WaitForLastOperation
                0x08000f28       0x70 cmake/stm32cubemx/CMakeFiles/STM32_Drivers.dir/__/__/Drivers/STM32G0xx_HAL_Driver/Src/stm32g0xx_hal_flash.c.obj
                0x08000f28                FLASH_WaitForLastOperation
 .text.HAL_FLASH_Program
                0x08000f98       0x68 cmake/stm32cubemx/CMakeFiles/STM32_Drivers.dir/__/__/Drivers/STM32G0xx_HAL_Driver/Src/stm32g0xx_hal_flash.c.obj
                0x08000f98                HAL_FLASH_Program
 .text.HAL_FLASH_Lock
                0x08001000       0x24 cmake/stm32cubemx/CMakeFiles/STM32_Drivers.dir/__/__/Drivers/STM32G0xx_HAL_Driver/Src/stm32g0xx_hal_flash.c.obj
                0x08001000                HAL_FLASH_Lock
 .text.FLASH_PageErase
                0x08001024       0x20 cmake/stm32cubemx/CMakeFiles/STM32_Drivers.dir/__/__/Drivers/STM32G0xx_HAL_Driver/Src/stm32g0xx_hal_flash_ex.c.obj
                0x08001024                FLASH_PageErase
 .text.HAL_FLASHEx_Erase
                0x08001044       0x94 cmake/stm32cubemx/CMakeFiles/STM32_Drivers.dir/__/__/Drivers/STM32G0xx_HAL_Driver/Src/stm32g0xx_hal_flash_ex.c.obj
                0x08001044                HAL_FLASHEx_Erase
 .text.HAL_GPIO_Init
                0x080010d8      0x164 cmake/stm32cubemx/CMakeFiles/STM32_Drivers.dir/__/__/Drivers/STM32G0xx_HAL_Driver/Src/stm32g0xx_hal_gpio.c.obj
                0x080010d8                HAL_GPIO_Init
 .text.HAL_GPIO_ReadPin
                0x0800123c        0xc cmake/stm32cubemx/CMakeFiles/STM32_Drivers.dir/__/__/Drivers/STM32G0xx_HAL_Driver/Src/stm32g0xx_hal_gpio.c.obj
                0x0800123c                HAL_GPIO_ReadPin
 .text.HAL_PWREx_ControlVoltageScaling
                0x08001248       0x58 cmake/stm32cubemx/CMakeFiles/STM32_Drivers.dir/__/__/Drivers/STM32G0xx_HAL_Driver/Src/stm32g0xx_hal_pwr_ex.c.obj
                0x08001248                HAL_PWREx_ControlVoltageScaling
 .text.HAL_NVIC_SetPriority
                0x080012a0       0x54 cmake/stm32cubemx/CMakeFiles/STM32_Drivers.dir/__/__/Drivers/STM32G0xx_HAL_Driver/Src/stm32g0xx_hal_cortex.c.obj
                0x080012a0                HAL_NVIC_SetPriority
 .text.HAL_SYSTICK_Config
                0x080012f4       0x34 cmake/stm32cubemx/CMakeFiles/STM32_Drivers.dir/__/__/Drivers/STM32G0xx_HAL_Driver/Src/stm32g0xx_hal_cortex.c.obj
                0x080012f4                HAL_SYSTICK_Config
 .text.HAL_SYSTICK_IRQHandler
                0x08001328        0x8 cmake/stm32cubemx/CMakeFiles/STM32_Drivers.dir/__/__/Drivers/STM32G0xx_HAL_Driver/Src/stm32g0xx_hal_cortex.c.obj
                0x08001328                HAL_SYSTICK_IRQHandler
 .text.HAL_InitTick
                0x08001330       0x50 cmake/stm32cubemx/CMakeFiles/STM32_Drivers.dir/__/__/Drivers/STM32G0xx_HAL_Driver/Src/stm32g0xx_hal.c.obj
                0x08001330                HAL_InitTick
 .text.HAL_Init
                0x08001380       0x28 cmake/stm32cubemx/CMakeFiles/STM32_Drivers.dir/__/__/Drivers/STM32G0xx_HAL_Driver/Src/stm32g0xx_hal.c.obj
                0x08001380                HAL_Init
 .text.HAL_IncTick
                0x080013a8       0x18 cmake/stm32cubemx/CMakeFiles/STM32_Drivers.dir/__/__/Drivers/STM32G0xx_HAL_Driver/Src/stm32g0xx_hal.c.obj
                0x080013a8                HAL_IncTick
 .text.HAL_GetTick
                0x080013c0        0xc cmake/stm32cubemx/CMakeFiles/STM32_Drivers.dir/__/__/Drivers/STM32G0xx_HAL_Driver/Src/stm32g0xx_hal.c.obj
                0x080013c0                HAL_GetTick
 .text.SystemClock_Config
                0x080013cc       0x76 CMakeFiles/nichirin_V2.dir/Core/Src/main.c.obj
                0x080013cc                SystemClock_Config
 *fill*         0x08001442        0x2 
 .text.startup.main
                0x08001444       0xfc CMakeFiles/nichirin_V2.dir/Core/Src/main.c.obj
                0x08001444                main
 .text.HAL_SYSTICK_Callback
                0x08001540        0x8 CMakeFiles/nichirin_V2.dir/Core/Src/main.c.obj
                0x08001540                HAL_SYSTICK_Callback
 .text.Error_Handler
                0x08001548        0x4 CMakeFiles/nichirin_V2.dir/Core/Src/main.c.obj
                0x08001548                Error_Handler
 .text.NMI_Handler
                0x0800154c        0x2 CMakeFiles/nichirin_V2.dir/Core/Src/stm32g0xx_it.c.obj
                0x0800154c                NMI_Handler
 .text.HardFault_Handler
                0x0800154e        0x2 CMakeFiles/nichirin_V2.dir/Core/Src/stm32g0xx_it.c.obj
                0x0800154e                HardFault_Handler
 .text.SVC_Handler
                0x08001550        0x2 CMakeFiles/nichirin_V2.dir/Core/Src/stm32g0xx_it.c.obj
                0x08001550                SVC_Handler
 .text.PendSV_Handler
                0x08001552        0x2 CMakeFiles/nichirin_V2.dir/Core/Src/stm32g0xx_it.c.obj
                0x08001552                PendSV_Handler
 .text.SysTick_Handler
                0x08001554        0xc CMakeFiles/nichirin_V2.dir/Core/Src/stm32g0xx_it.c.obj
                0x08001554                SysTick_Handler
 .text.HAL_MspInit
                0x08001560       0x30 CMakeFiles/nichirin_V2.dir/Core/Src/stm32g0xx_hal_msp.c.obj
                0x08001560                HAL_MspInit
 .text.HAL_I2C_MspInit
                0x08001590       0x84 CMakeFiles/nichirin_V2.dir/Core/Src/stm32g0xx_hal_msp.c.obj
                0x08001590                HAL_I2C_MspInit
 .text.Reset_Handler
                0x08001614       0x50 CMakeFiles/nichirin_V2.dir/startup_stm32g030xx.s.obj
                0x08001614                Reset_Handler
 .text.Default_Handler
                0x08001664        0x2 CMakeFiles/nichirin_V2.dir/startup_stm32g030xx.s.obj
                0x08001664                TIM1_CC_IRQHandler
                0x08001664                I2C1_IRQHandler
                0x08001664                RTC_TAMP_IRQHandler
                0x08001664                SPI1_IRQHandler
                0x08001664                DMA1_Ch4_5_DMAMUX1_OVR_IRQHandler
                0x08001664                EXTI2_3_IRQHandler
                0x08001664                ADC1_IRQHandler
                0x08001664                I2C2_IRQHandler
                0x08001664                TIM17_IRQHandler
                0x08001664                TIM16_IRQHandler
                0x08001664                TIM3_IRQHandler
                0x08001664                EXTI4_15_IRQHandler
                0x08001664                RCC_IRQHandler
                0x08001664                DMA1_Channel1_IRQHandler
                0x08001664                Default_Handler
                0x08001664                TIM14_IRQHandler
                0x08001664                EXTI0_1_IRQHandler
                0x08001664                SPI2_IRQHandler
                0x08001664                WWDG_IRQHandler
                0x08001664                DMA1_Channel2_3_IRQHandler
                0x08001664                USART2_IRQHandler
                0x08001664                FLASH_IRQHandler
                0x08001664                USART1_IRQHandler
                0x08001664                TIM1_BRK_UP_TRG_COM_IRQHandler
 *fill*         0x08001666        0x2 
 .text.Save_Config_Now
                0x08001668       0x54 CMakeFiles/nichirin_V2.dir/Core/Src/app/app.c.obj
 .text.App_Init
                0x080016bc       0x98 CMakeFiles/nichirin_V2.dir/Core/Src/app/app.c.obj
                0x080016bc                App_Init
 .text.Apply_Config
                0x08001754       0xa0 CMakeFiles/nichirin_V2.dir/Core/Src/app/app.c.obj
                0x08001754                Apply_Config
 .text.Effect_Tick
                0x080017f4      0x33c CMakeFiles/nichirin_V2.dir/Core/Src/app/app.c.obj
                0x080017f4                Effect_Tick
 .text.Encoder_ReadAB
                0x08001b30       0x40 CMakeFiles/nichirin_V2.dir/Core/Src/drivers/encoder.c.obj
 .text.Encoder_ReadKeyPressed
                0x08001b70       0x20 CMakeFiles/nichirin_V2.dir/Core/Src/drivers/encoder.c.obj
 .text.Encoder_Init
                0x08001b90       0x98 CMakeFiles/nichirin_V2.dir/Core/Src/drivers/encoder.c.obj
                0x08001b90                Encoder_Init
 .text.Encoder_1msTick
                0x08001c28      0x118 CMakeFiles/nichirin_V2.dir/Core/Src/drivers/encoder.c.obj
                0x08001c28                Encoder_1msTick
 .text.Encoder_GetDelta
                0x08001d40       0x14 CMakeFiles/nichirin_V2.dir/Core/Src/drivers/encoder.c.obj
                0x08001d40                Encoder_GetDelta
 .text.Encoder_GetKeyEvent
                0x08001d54       0x14 CMakeFiles/nichirin_V2.dir/Core/Src/drivers/encoder.c.obj
                0x08001d54                Encoder_GetKeyEvent
 .text.TLC59116_WriteReg
                0x08001d68       0x34 CMakeFiles/nichirin_V2.dir/Core/Src/drivers/tlc59116.c.obj
 .text.TLC59116_WritePWMBlock.constprop.0
                0x08001d9c       0x30 CMakeFiles/nichirin_V2.dir/Core/Src/drivers/tlc59116.c.obj
 .text.TLC59116_Init
                0x08001dcc       0x70 CMakeFiles/nichirin_V2.dir/Core/Src/drivers/tlc59116.c.obj
                0x08001dcc                TLC59116_Init
 .text.TLC59116_SetPWM12
                0x08001e3c       0x26 CMakeFiles/nichirin_V2.dir/Core/Src/drivers/tlc59116.c.obj
                0x08001e3c                TLC59116_SetPWM12
 *fill*         0x08001e62        0x2 
 .text.Crc32_Calc.constprop.0
                0x08001e64       0x38 CMakeFiles/nichirin_V2.dir/Core/Src/storage/flash_cfg.c.obj
 .text.FlashCfg_InitDefaults
                0x08001e9c       0x22 CMakeFiles/nichirin_V2.dir/Core/Src/storage/flash_cfg.c.obj
                0x08001e9c                FlashCfg_InitDefaults
 *fill*         0x08001ebe        0x2 
 .text.FlashCfg_Load
                0x08001ec0      0x14c CMakeFiles/nichirin_V2.dir/Core/Src/storage/flash_cfg.c.obj
                0x08001ec0                FlashCfg_Load
 .text.FlashCfg_Append
                0x0800200c      0x114 CMakeFiles/nichirin_V2.dir/Core/Src/storage/flash_cfg.c.obj
                0x0800200c                FlashCfg_Append
 .text.memset   0x08002120       0x10 C:/Users/Ryujou/AppData/Local/stm32cube/bundles/gnu-tools-for-stm32/14.3.1+st.2/bin/../lib/gcc/arm-none-eabi/14.3.1/../../../../arm-none-eabi/lib/thumb/v6-m/nofp\libg_nano.a(libc_a-memset.o)
                0x08002120                memset
 .text.__libc_init_array
                0x08002130       0x48 C:/Users/Ryujou/AppData/Local/stm32cube/bundles/gnu-tools-for-stm32/14.3.1+st.2/bin/../lib/gcc/arm-none-eabi/14.3.1/../../../../arm-none-eabi/lib/thumb/v6-m/nofp\libg_nano.a(libc_a-init.o)
                0x08002130                __libc_init_array
 .text.memcpy   0x08002178       0x12 C:/Users/Ryujou/AppData/Local/stm32cube/bundles/gnu-tools-for-stm32/14.3.1+st.2/bin/../lib/gcc/arm-none-eabi/14.3.1/../../../../arm-none-eabi/lib/thumb/v6-m/nofp\libg_nano.a(libc_a-memcpy-stub.o)
                0x08002178                memcpy
 *(.glue_7)
 .glue_7        0x0800218a        0x0 linker stubs
 *(.glue_7t)
 .glue_7t       0x0800218a        0x0 linker stubs
 *(.eh_frame)
 *fill*         0x0800218a        0x2 
 .eh_frame      0x0800218c        0x0 C:/Users/Ryujou/AppData/Local/stm32cube/bundles/gnu-tools-for-stm32/14.3.1+st.2/bin/../lib/gcc/arm-none-eabi/14.3.1/thumb/v6-m/nofp/crtbegin.o
 *(.init)
 .init          0x0800218c        0x4 C:/Users/Ryujou/AppData/Local/stm32cube/bundles/gnu-tools-for-stm32/14.3.1+st.2/bin/../lib/gcc/arm-none-eabi/14.3.1/thumb/v6-m/nofp/crti.o
                0x0800218c                _init
 .init          0x08002190        0x8 C:/Users/Ryujou/AppData/Local/stm32cube/bundles/gnu-tools-for-stm32/14.3.1+st.2/bin/../lib/gcc/arm-none-eabi/14.3.1/thumb/v6-m/nofp/crtn.o
 *(.fini)
 .fini          0x08002198        0x4 C:/Users/Ryujou/AppData/Local/stm32cube/bundles/gnu-tools-for-stm32/14.3.1+st.2/bin/../lib/gcc/arm-none-eabi/14.3.1/thumb/v6-m/nofp/crti.o
                0x08002198                _fini
 .fini          0x0800219c        0x8 C:/Users/Ryujou/AppData/Local/stm32cube/bundles/gnu-tools-for-stm32/14.3.1+st.2/bin/../lib/gcc/arm-none-eabi/14.3.1/thumb/v6-m/nofp/crtn.o
 *fill*         0x080021a4        0x4 
 .fini.__stub   0x080021a8       0x10 linker stubs
                0x080021b8                        . = ALIGN (0x4)
                0x080021b8                        _etext = .

.vfp11_veneer   0x080021b8        0x0
 .vfp11_veneer  0x080021b8        0x0 linker stubs

.v4_bx          0x080021b8        0x0
 .v4_bx         0x080021b8        0x0 linker stubs

.iplt           0x080021b8        0x0
 .iplt          0x080021b8        0x0 C:/Users/Ryujou/AppData/Local/stm32cube/bundles/gnu-tools-for-stm32/14.3.1+st.2/bin/../lib/gcc/arm-none-eabi/14.3.1/thumb/v6-m/nofp/crtbegin.o

.rodata         0x080021b8       0x5c
                0x080021b8                        . = ALIGN (0x4)
 *(.rodata)
 *(.rodata*)
 .rodata.AHBPrescTable
                0x080021b8       0x40 cmake/stm32cubemx/CMakeFiles/STM32_Drivers.dir/__/__/Core/Src/system_stm32g0xx.c.obj
                0x080021b8                AHBPrescTable
 .rodata.pairs.0
                0x080021f8        0xc CMakeFiles/nichirin_V2.dir/Core/Src/app/app.c.obj
 .rodata.table.0
                0x08002204       0x10 CMakeFiles/nichirin_V2.dir/Core/Src/drivers/encoder.c.obj
                0x08002214                        . = ALIGN (0x4)

.ARM.extab      0x08002214        0x0
                0x08002214                        . = ALIGN (0x4)
 *(.ARM.extab* .gnu.linkonce.armextab.*)
                0x08002214                        . = ALIGN (0x4)

.ARM            0x08002214        0x0
                0x08002214                        . = ALIGN (0x4)
                0x08002214                        __exidx_start = .
 *(.ARM.exidx*)
                0x08002214                        __exidx_end = .
                0x08002214                        . = ALIGN (0x4)

.preinit_array  0x08002214        0x0
                0x08002214                        . = ALIGN (0x4)
                0x08002214                        PROVIDE (__preinit_array_start = .)
 *(.preinit_array*)
                0x08002214                        PROVIDE (__preinit_array_end = .)
                0x08002214                        . = ALIGN (0x4)

.init_array     0x08002214        0x4
                0x08002214                        . = ALIGN (0x4)
                0x08002214                        PROVIDE (__init_array_start = .)
 *(SORT_BY_NAME(.init_array.*))
 *(.init_array*)
 .init_array    0x08002214        0x4 C:/Users/Ryujou/AppData/Local/stm32cube/bundles/gnu-tools-for-stm32/14.3.1+st.2/bin/../lib/gcc/arm-none-eabi/14.3.1/thumb/v6-m/nofp/crtbegin.o
                0x08002218                        PROVIDE (__init_array_end = .)
                0x08002218                        . = ALIGN (0x4)

.fini_array     0x08002218        0x4
                0x08002218                        . = ALIGN (0x4)
                [!provide]                        PROVIDE (__fini_array_start = .)
 *(SORT_BY_NAME(.fini_array.*))
 *(.fini_array*)
 .fini_array    0x08002218        0x4 C:/Users/Ryujou/AppData/Local/stm32cube/bundles/gnu-tools-for-stm32/14.3.1+st.2/bin/../lib/gcc/arm-none-eabi/14.3.1/thumb/v6-m/nofp/crtbegin.o
                [!provide]                        PROVIDE (__fini_array_end = .)
                0x0800221c                        . = ALIGN (0x4)
                0x0800221c                        _sidata = LOADADDR (.data)

.rel.dyn        0x0800221c        0x0
 .rel.iplt      0x0800221c        0x0 C:/Users/Ryujou/AppData/Local/stm32cube/bundles/gnu-tools-for-stm32/14.3.1+st.2/bin/../lib/gcc/arm-none-eabi/14.3.1/thumb/v6-m/nofp/crtbegin.o

.data           0x20000000       0x50 load address 0x0800221c
                0x20000000                        . = ALIGN (0x4)
                0x20000000                        _sdata = .
 *(.data)
 *(.data*)
 .data.SystemCoreClock
                0x20000000        0x4 cmake/stm32cubemx/CMakeFiles/STM32_Drivers.dir/__/__/Core/Src/system_stm32g0xx.c.obj
                0x20000000                SystemCoreClock
 .data.uwTickFreq
                0x20000004        0x1 cmake/stm32cubemx/CMakeFiles/STM32_Drivers.dir/__/__/Drivers/STM32G0xx_HAL_Driver/Src/stm32g0xx_hal.c.obj
                0x20000004                uwTickFreq
 *fill*         0x20000005        0x3 
 .data.uwTickPrio
                0x20000008        0x4 cmake/stm32cubemx/CMakeFiles/STM32_Drivers.dir/__/__/Drivers/STM32G0xx_HAL_Driver/Src/stm32g0xx_hal.c.obj
                0x20000008                uwTickPrio
 .data.mode     0x2000000c        0x1 CMakeFiles/nichirin_V2.dir/Core/Src/app/app.c.obj
 *fill*         0x2000000d        0x3 
 .data.g_next_seq
                0x20000010        0x4 CMakeFiles/nichirin_V2.dir/Core/Src/storage/flash_cfg.c.obj
 .data.g_active_page
                0x20000014        0x4 CMakeFiles/nichirin_V2.dir/Core/Src/storage/flash_cfg.c.obj
 *(.RamFunc)
 .RamFunc       0x20000018       0x38 cmake/stm32cubemx/CMakeFiles/STM32_Drivers.dir/__/__/Drivers/STM32G0xx_HAL_Driver/Src/stm32g0xx_hal_flash.c.obj
 *(.RamFunc*)
                0x20000050                        . = ALIGN (0x4)

.igot.plt       0x20000050        0x0 load address 0x0800226c
 .igot.plt      0x20000050        0x0 C:/Users/Ryujou/AppData/Local/stm32cube/bundles/gnu-tools-for-stm32/14.3.1+st.2/bin/../lib/gcc/arm-none-eabi/14.3.1/thumb/v6-m/nofp/crtbegin.o

.tdata          0x20000050        0x0 load address 0x0800226c
 *(.tdata .tdata.* .gnu.linkonce.td.*)
                0x20000050                        . = ALIGN (0x4)
                0x20000050                        _edata = .
                [!provide]                        PROVIDE (__data_end = .)
                [!provide]                        PROVIDE (__tdata_end = .)
                [!provide]                        PROVIDE (__tdata_start = ADDR (.tdata))
                [!provide]                        PROVIDE (__tdata_size = (__tdata_end - __tdata_start))
                [!provide]                        PROVIDE (__data_start = ADDR (.data))
                [!provide]                        PROVIDE (__data_size = (__data_end - __data_start))
                [!provide]                        PROVIDE (__tdata_source = LOADADDR (.tdata))
                [!provide]                        PROVIDE (__tdata_source_end = (LOADADDR (.tdata) + SIZEOF (.tdata)))
                [!provide]                        PROVIDE (__tdata_source_size = (__tdata_source_end - __tdata_source))
                [!provide]                        PROVIDE (__data_source = LOADADDR (.data))
                [!provide]                        PROVIDE (__data_source_end = __tdata_source_end)
                [!provide]                        PROVIDE (__data_source_size = (__data_source_end - __data_source))

.tbss           0x20000050        0x0 load address 0x0800226c
                0x20000050                        _sbss = .
                0x20000050                        __bss_start__ = _sbss
 *(.tbss .tbss.*)
                0x20000050                        . = ALIGN (0x4)
                [!provide]                        PROVIDE (__tbss_end = .)
                [!provide]                        PROVIDE (__tbss_start = ADDR (.tbss))
                [!provide]                        PROVIDE (__tbss_size = (__tbss_end - __tbss_start))
                [!provide]                        PROVIDE (__tbss_offset = (ADDR (.tbss) - ADDR (.tdata)))
                [!provide]                        PROVIDE (__tls_base = __tdata_start)
                [!provide]                        PROVIDE (__tls_end = __tbss_end)
                [!provide]                        PROVIDE (__tls_size = (__tls_end - __tls_base))
                [!provide]                        PROVIDE (__tls_align = MAX (ALIGNOF (.tdata), ALIGNOF (.tbss)))
                [!provide]                        PROVIDE (__tls_size_align = (((__tls_size + __tls_align) - 0x1) & ~ ((__tls_align - 0x1))))
                [!provide]                        PROVIDE (__arm32_tls_tcb_offset = MAX (0x8, __tls_align))
                [!provide]                        PROVIDE (__arm64_tls_tcb_offset = MAX (0x10, __tls_align))

.bss            0x20000050       0xd8 load address 0x0800226c
 *(.bss)
 .bss           0x20000050       0x1c C:/Users/Ryujou/AppData/Local/stm32cube/bundles/gnu-tools-for-stm32/14.3.1+st.2/bin/../lib/gcc/arm-none-eabi/14.3.1/thumb/v6-m/nofp/crtbegin.o
 *(.bss*)
 .bss.pFlash    0x2000006c       0x1c cmake/stm32cubemx/CMakeFiles/STM32_Drivers.dir/__/__/Drivers/STM32G0xx_HAL_Driver/Src/stm32g0xx_hal_flash.c.obj
                0x2000006c                pFlash
 .bss.uwTick    0x20000088        0x4 cmake/stm32cubemx/CMakeFiles/STM32_Drivers.dir/__/__/Drivers/STM32G0xx_HAL_Driver/Src/stm32g0xx_hal.c.obj
                0x20000088                uwTick
 .bss.last_tick.0
                0x2000008c        0x4 CMakeFiles/nichirin_V2.dir/Core/Src/main.c.obj
 .bss.hi2c1     0x20000090       0x54 CMakeFiles/nichirin_V2.dir/Core/Src/main.c.obj
                0x20000090                hi2c1
 .bss.flash_period
                0x200000e4        0x2 CMakeFiles/nichirin_V2.dir/Core/Src/app/app.c.obj
 .bss.param_speed_idx
                0x200000e6        0x1 CMakeFiles/nichirin_V2.dir/Core/Src/app/app.c.obj
 .bss.param_level
                0x200000e7        0xa CMakeFiles/nichirin_V2.dir/Core/Src/app/app.c.obj
 .bss.run_state
                0x200000f1        0x1 CMakeFiles/nichirin_V2.dir/Core/Src/app/app.c.obj
 .bss.save_delay_ms
                0x200000f2        0x2 CMakeFiles/nichirin_V2.dir/Core/Src/app/app.c.obj
 .bss.save_pending
                0x200000f4        0x1 CMakeFiles/nichirin_V2.dir/Core/Src/app/app.c.obj
 .bss.breath_lut_cur
                0x200000f5        0x1 CMakeFiles/nichirin_V2.dir/Core/Src/app/app.c.obj
 .bss.env       0x200000f6        0x1 CMakeFiles/nichirin_V2.dir/Core/Src/app/app.c.obj
 *fill*         0x200000f7        0x1 
 .bss.breath_phase_accum
                0x200000f8        0x4 CMakeFiles/nichirin_V2.dir/Core/Src/app/app.c.obj
 .bss.breath_phase
                0x200000fc        0x2 CMakeFiles/nichirin_V2.dir/Core/Src/app/app.c.obj
 .bss.flash_on  0x200000fe        0x1 CMakeFiles/nichirin_V2.dir/Core/Src/app/app.c.obj
 *fill*         0x200000ff        0x1 
 .bss.flash_accum_ms
                0x20000100        0x2 CMakeFiles/nichirin_V2.dir/Core/Src/app/app.c.obj
 .bss.step_accum_ms
                0x20000102        0x2 CMakeFiles/nichirin_V2.dir/Core/Src/app/app.c.obj
 .bss.group     0x20000104        0x1 CMakeFiles/nichirin_V2.dir/Core/Src/app/app.c.obj
 .bss.pos       0x20000105        0x1 CMakeFiles/nichirin_V2.dir/Core/Src/app/app.c.obj
 .bss.s_initialized
                0x20000106        0x1 CMakeFiles/nichirin_V2.dir/Core/Src/drivers/encoder.c.obj
 .bss.s_key_event
                0x20000107        0x1 CMakeFiles/nichirin_V2.dir/Core/Src/drivers/encoder.c.obj
 .bss.s_key_long_fired
                0x20000108        0x1 CMakeFiles/nichirin_V2.dir/Core/Src/drivers/encoder.c.obj
 *fill*         0x20000109        0x1 
 .bss.s_key_press_ms
                0x2000010a        0x2 CMakeFiles/nichirin_V2.dir/Core/Src/drivers/encoder.c.obj
 .bss.s_key_last
                0x2000010c        0x1 CMakeFiles/nichirin_V2.dir/Core/Src/drivers/encoder.c.obj
 .bss.s_key_stable
                0x2000010d        0x1 CMakeFiles/nichirin_V2.dir/Core/Src/drivers/encoder.c.obj
 .bss.s_key_integrator
                0x2000010e        0x1 CMakeFiles/nichirin_V2.dir/Core/Src/drivers/encoder.c.obj
 .bss.s_detent_delta
                0x2000010f        0x1 CMakeFiles/nichirin_V2.dir/Core/Src/drivers/encoder.c.obj
 .bss.s_edge_accum
                0x20000110        0x1 CMakeFiles/nichirin_V2.dir/Core/Src/drivers/encoder.c.obj
 .bss.s_prev_state
                0x20000111        0x1 CMakeFiles/nichirin_V2.dir/Core/Src/drivers/encoder.c.obj
 .bss.s_k_pin   0x20000112        0x2 CMakeFiles/nichirin_V2.dir/Core/Src/drivers/encoder.c.obj
 .bss.s_b_pin   0x20000114        0x2 CMakeFiles/nichirin_V2.dir/Core/Src/drivers/encoder.c.obj
 .bss.s_a_pin   0x20000116        0x2 CMakeFiles/nichirin_V2.dir/Core/Src/drivers/encoder.c.obj
 .bss.s_k_port  0x20000118        0x4 CMakeFiles/nichirin_V2.dir/Core/Src/drivers/encoder.c.obj
 .bss.s_b_port  0x2000011c        0x4 CMakeFiles/nichirin_V2.dir/Core/Src/drivers/encoder.c.obj
 .bss.s_a_port  0x20000120        0x4 CMakeFiles/nichirin_V2.dir/Core/Src/drivers/encoder.c.obj
 .bss.s_hi2c    0x20000124        0x4 CMakeFiles/nichirin_V2.dir/Core/Src/drivers/tlc59116.c.obj
 *(COMMON)
                0x20000128                        . = ALIGN (0x4)
                0x20000128                        _ebss = .
                0x20000128                        __bss_end__ = _ebss
                [!provide]                        PROVIDE (__bss_end = .)
                [!provide]                        PROVIDE (__non_tls_bss_start = ADDR (.bss))
                [!provide]                        PROVIDE (__bss_start = __tbss_start)
                [!provide]                        PROVIDE (__bss_size = (__bss_end - __bss_start))

._user_heap_stack
                0x20000128      0x600 load address 0x0800226c
                0x20000128                        . = ALIGN (0x8)
                [!provide]                        PROVIDE (end = .)
                0x20000128                        PROVIDE (_end = .)
                0x20000328                        . = (. + _Min_Heap_Size)
 *fill*         0x20000128      0x200 
                0x20000728                        . = (. + _Min_Stack_Size)
 *fill*         0x20000328      0x400 
                0x20000728                        . = ALIGN (0x8)

/DISCARD/
 libc.a:*(*)
 libm.a:*(*)
 libgcc.a:*(*)
OUTPUT(nichirin_V2.elf elf32-littlearm)
LOAD linker stubs

.ARM.attributes
                0x00000000       0x28
 .ARM.attributes
                0x00000000       0x1e C:/Users/Ryujou/AppData/Local/stm32cube/bundles/gnu-tools-for-stm32/14.3.1+st.2/bin/../lib/gcc/arm-none-eabi/14.3.1/thumb/v6-m/nofp/crti.o
 .ARM.attributes
                0x0000001e       0x2c C:/Users/Ryujou/AppData/Local/stm32cube/bundles/gnu-tools-for-stm32/14.3.1+st.2/bin/../lib/gcc/arm-none-eabi/14.3.1/thumb/v6-m/nofp/crtbegin.o
 .ARM.attributes
                0x0000004a       0x2c cmake/stm32cubemx/CMakeFiles/STM32_Drivers.dir/__/__/Core/Src/system_stm32g0xx.c.obj
 .ARM.attributes
                0x00000076       0x2c cmake/stm32cubemx/CMakeFiles/STM32_Drivers.dir/__/__/Drivers/STM32G0xx_HAL_Driver/Src/stm32g0xx_hal_i2c.c.obj
 .ARM.attributes
                0x000000a2       0x2c cmake/stm32cubemx/CMakeFiles/STM32_Drivers.dir/__/__/Drivers/STM32G0xx_HAL_Driver/Src/stm32g0xx_hal_i2c_ex.c.obj
 .ARM.attributes
                0x000000ce       0x2c cmake/stm32cubemx/CMakeFiles/STM32_Drivers.dir/__/__/Drivers/STM32G0xx_HAL_Driver/Src/stm32g0xx_hal_rcc.c.obj
 .ARM.attributes
                0x000000fa       0x2c cmake/stm32cubemx/CMakeFiles/STM32_Drivers.dir/__/__/Drivers/STM32G0xx_HAL_Driver/Src/stm32g0xx_hal_rcc_ex.c.obj
 .ARM.attributes
                0x00000126       0x2c cmake/stm32cubemx/CMakeFiles/STM32_Drivers.dir/__/__/Drivers/STM32G0xx_HAL_Driver/Src/stm32g0xx_hal_flash.c.obj
 .ARM.attributes
                0x00000152       0x2c cmake/stm32cubemx/CMakeFiles/STM32_Drivers.dir/__/__/Drivers/STM32G0xx_HAL_Driver/Src/stm32g0xx_hal_flash_ex.c.obj
 .ARM.attributes
                0x0000017e       0x2c cmake/stm32cubemx/CMakeFiles/STM32_Drivers.dir/__/__/Drivers/STM32G0xx_HAL_Driver/Src/stm32g0xx_hal_gpio.c.obj
 .ARM.attributes
                0x000001aa       0x2c cmake/stm32cubemx/CMakeFiles/STM32_Drivers.dir/__/__/Drivers/STM32G0xx_HAL_Driver/Src/stm32g0xx_hal_pwr_ex.c.obj
 .ARM.attributes
                0x000001d6       0x2c cmake/stm32cubemx/CMakeFiles/STM32_Drivers.dir/__/__/Drivers/STM32G0xx_HAL_Driver/Src/stm32g0xx_hal_cortex.c.obj
 .ARM.attributes
                0x00000202       0x2c cmake/stm32cubemx/CMakeFiles/STM32_Drivers.dir/__/__/Drivers/STM32G0xx_HAL_Driver/Src/stm32g0xx_hal.c.obj
 .ARM.attributes
                0x0000022e       0x2c CMakeFiles/nichirin_V2.dir/Core/Src/main.c.obj
 .ARM.attributes
                0x0000025a       0x2c CMakeFiles/nichirin_V2.dir/Core/Src/stm32g0xx_it.c.obj
 .ARM.attributes
                0x00000286       0x2c CMakeFiles/nichirin_V2.dir/Core/Src/stm32g0xx_hal_msp.c.obj
 .ARM.attributes
                0x000002b2       0x22 CMakeFiles/nichirin_V2.dir/startup_stm32g030xx.s.obj
 .ARM.attributes
                0x000002d4       0x2c CMakeFiles/nichirin_V2.dir/Core/Src/app/app.c.obj
 .ARM.attributes
                0x00000300       0x2c CMakeFiles/nichirin_V2.dir/Core/Src/drivers/encoder.c.obj
 .ARM.attributes
                0x0000032c       0x2c CMakeFiles/nichirin_V2.dir/Core/Src/drivers/tlc59116.c.obj
 .ARM.attributes
                0x00000358       0x2c CMakeFiles/nichirin_V2.dir/Core/Src/storage/flash_cfg.c.obj
 .ARM.attributes
                0x00000384       0x1e C:/Users/Ryujou/AppData/Local/stm32cube/bundles/gnu-tools-for-stm32/14.3.1+st.2/bin/../lib/gcc/arm-none-eabi/14.3.1/thumb/v6-m/nofp\libgcc.a(_thumb1_case_uqi.o)
 .ARM.attributes
                0x000003a2       0x1e C:/Users/Ryujou/AppData/Local/stm32cube/bundles/gnu-tools-for-stm32/14.3.1+st.2/bin/../lib/gcc/arm-none-eabi/14.3.1/thumb/v6-m/nofp\libgcc.a(_udivsi3.o)
 .ARM.attributes
                0x000003c0       0x1e C:/Users/Ryujou/AppData/Local/stm32cube/bundles/gnu-tools-for-stm32/14.3.1+st.2/bin/../lib/gcc/arm-none-eabi/14.3.1/thumb/v6-m/nofp\libgcc.a(_dvmd_tls.o)
 .ARM.attributes
                0x000003de       0x2c C:/Users/Ryujou/AppData/Local/stm32cube/bundles/gnu-tools-for-stm32/14.3.1+st.2/bin/../lib/gcc/arm-none-eabi/14.3.1/../../../../arm-none-eabi/lib/thumb/v6-m/nofp\libg_nano.a(libc_a-memset.o)
 .ARM.attributes
                0x0000040a       0x2c C:/Users/Ryujou/AppData/Local/stm32cube/bundles/gnu-tools-for-stm32/14.3.1+st.2/bin/../lib/gcc/arm-none-eabi/14.3.1/../../../../arm-none-eabi/lib/thumb/v6-m/nofp\libg_nano.a(libc_a-init.o)
 .ARM.attributes
                0x00000436       0x2c C:/Users/Ryujou/AppData/Local/stm32cube/bundles/gnu-tools-for-stm32/14.3.1+st.2/bin/../lib/gcc/arm-none-eabi/14.3.1/../../../../arm-none-eabi/lib/thumb/v6-m/nofp\libg_nano.a(libc_a-memcpy-stub.o)
 .ARM.attributes
                0x00000462       0x1e C:/Users/Ryujou/AppData/Local/stm32cube/bundles/gnu-tools-for-stm32/14.3.1+st.2/bin/../lib/gcc/arm-none-eabi/14.3.1/thumb/v6-m/nofp/crtn.o

.comment        0x00000000       0x43
 .comment       0x00000000       0x43 cmake/stm32cubemx/CMakeFiles/STM32_Drivers.dir/__/__/Core/Src/system_stm32g0xx.c.obj
                                 0x44 (size before relaxing)
 .comment       0x00000043       0x44 cmake/stm32cubemx/CMakeFiles/STM32_Drivers.dir/__/__/Drivers/STM32G0xx_HAL_Driver/Src/stm32g0xx_hal_i2c.c.obj
 .comment       0x00000043       0x44 cmake/stm32cubemx/CMakeFiles/STM32_Drivers.dir/__/__/Drivers/STM32G0xx_HAL_Driver/Src/stm32g0xx_hal_i2c_ex.c.obj
 .comment       0x00000043       0x44 cmake/stm32cubemx/CMakeFiles/STM32_Drivers.dir/__/__/Drivers/STM32G0xx_HAL_Driver/Src/stm32g0xx_hal_rcc.c.obj
 .comment       0x00000043       0x44 cmake/stm32cubemx/CMakeFiles/STM32_Drivers.dir/__/__/Drivers/STM32G0xx_HAL_Driver/Src/stm32g0xx_hal_rcc_ex.c.obj
 .comment       0x00000043       0x44 cmake/stm32cubemx/CMakeFiles/STM32_Drivers.dir/__/__/Drivers/STM32G0xx_HAL_Driver/Src/stm32g0xx_hal_flash.c.obj
 .comment       0x00000043       0x44 cmake/stm32cubemx/CMakeFiles/STM32_Drivers.dir/__/__/Drivers/STM32G0xx_HAL_Driver/Src/stm32g0xx_hal_flash_ex.c.obj
 .comment       0x00000043       0x44 cmake/stm32cubemx/CMakeFiles/STM32_Drivers.dir/__/__/Drivers/STM32G0xx_HAL_Driver/Src/stm32g0xx_hal_gpio.c.obj
 .comment       0x00000043       0x44 cmake/stm32cubemx/CMakeFiles/STM32_Drivers.dir/__/__/Drivers/STM32G0xx_HAL_Driver/Src/stm32g0xx_hal_pwr_ex.c.obj
 .comment       0x00000043       0x44 cmake/stm32cubemx/CMakeFiles/STM32_Drivers.dir/__/__/Drivers/STM32G0xx_HAL_Driver/Src/stm32g0xx_hal_cortex.c.obj
 .comment       0x00000043       0x44 cmake/stm32cubemx/CMakeFiles/STM32_Drivers.dir/__/__/Drivers/STM32G0xx_HAL_Driver/Src/stm32g0xx_hal.c.obj
 .comment       0x00000043       0x44 CMakeFiles/nichirin_V2.dir/Core/Src/main.c.obj
 .comment       0x00000043       0x44 CMakeFiles/nichirin_V2.dir/Core/Src/stm32g0xx_it.c.obj
 .comment       0x00000043       0x44 CMakeFiles/nichirin_V2.dir/Core/Src/stm32g0xx_hal_msp.c.obj
 .comment       0x00000043       0x44 CMakeFiles/nichirin_V2.dir/Core/Src/app/app.c.obj
 .comment       0x00000043       0x44 CMakeFiles/nichirin_V2.dir/Core/Src/drivers/encoder.c.obj
 .comment       0x00000043       0x44 CMakeFiles/nichirin_V2.dir/Core/Src/drivers/tlc59116.c.obj
 .comment       0x00000043       0x44 CMakeFiles/nichirin_V2.dir/Core/Src/storage/flash_cfg.c.obj
 .comment       0x00000043       0x44 C:/Users/Ryujou/AppData/Local/stm32cube/bundles/gnu-tools-for-stm32/14.3.1+st.2/bin/../lib/gcc/arm-none-eabi/14.3.1/../../../../arm-none-eabi/lib/thumb/v6-m/nofp\libg_nano.a(libc_a-memset.o)
 .comment       0x00000043       0x44 C:/Users/Ryujou/AppData/Local/stm32cube/bundles/gnu-tools-for-stm32/14.3.1+st.2/bin/../lib/gcc/arm-none-eabi/14.3.1/../../../../arm-none-eabi/lib/thumb/v6-m/nofp\libg_nano.a(libc_a-init.o)
 .comment       0x00000043       0x44 C:/Users/Ryujou/AppData/Local/stm32cube/bundles/gnu-tools-for-stm32/14.3.1+st.2/bin/../lib/gcc/arm-none-eabi/14.3.1/../../../../arm-none-eabi/lib/thumb/v6-m/nofp\libg_nano.a(libc_a-memcpy-stub.o)

.debug_frame    0x00000000       0x94
 .debug_frame   0x00000000       0x20 C:/Users/Ryujou/AppData/Local/stm32cube/bundles/gnu-tools-for-stm32/14.3.1+st.2/bin/../lib/gcc/arm-none-eabi/14.3.1/thumb/v6-m/nofp\libgcc.a(_udivsi3.o)
 .debug_frame   0x00000020       0x20 C:/Users/Ryujou/AppData/Local/stm32cube/bundles/gnu-tools-for-stm32/14.3.1+st.2/bin/../lib/gcc/arm-none-eabi/14.3.1/../../../../arm-none-eabi/lib/thumb/v6-m/nofp\libg_nano.a(libc_a-memset.o)
 .debug_frame   0x00000040       0x2c C:/Users/Ryujou/AppData/Local/stm32cube/bundles/gnu-tools-for-stm32/14.3.1+st.2/bin/../lib/gcc/arm-none-eabi/14.3.1/../../../../arm-none-eabi/lib/thumb/v6-m/nofp\libg_nano.a(libc_a-init.o)
 .debug_frame   0x0000006c       0x28 C:/Users/Ryujou/AppData/Local/stm32cube/bundles/gnu-tools-for-stm32/14.3.1+st.2/bin/../lib/gcc/arm-none-eabi/14.3.1/../../../../arm-none-eabi/lib/thumb/v6-m/nofp\libg_nano.a(libc_a-memcpy-stub.o)

.debug_info     0x00000000      0x306
 .debug_info    0x00000000       0xe0 C:/Users/Ryujou/AppData/Local/stm32cube/bundles/gnu-tools-for-stm32/14.3.1+st.2/bin/../lib/gcc/arm-none-eabi/14.3.1/../../../../arm-none-eabi/lib/thumb/v6-m/nofp\libg_nano.a(libc_a-memset.o)
 .debug_info    0x000000e0      0x10b C:/Users/Ryujou/AppData/Local/stm32cube/bundles/gnu-tools-for-stm32/14.3.1+st.2/bin/../lib/gcc/arm-none-eabi/14.3.1/../../../../arm-none-eabi/lib/thumb/v6-m/nofp\libg_nano.a(libc_a-init.o)
 .debug_info    0x000001eb      0x11b C:/Users/Ryujou/AppData/Local/stm32cube/bundles/gnu-tools-for-stm32/14.3.1+st.2/bin/../lib/gcc/arm-none-eabi/14.3.1/../../../../arm-none-eabi/lib/thumb/v6-m/nofp\libg_nano.a(libc_a-memcpy-stub.o)

.debug_abbrev   0x00000000      0x228
 .debug_abbrev  0x00000000       0x9e C:/Users/Ryujou/AppData/Local/stm32cube/bundles/gnu-tools-for-stm32/14.3.1+st.2/bin/../lib/gcc/arm-none-eabi/14.3.1/../../../../arm-none-eabi/lib/thumb/v6-m/nofp\libg_nano.a(libc_a-memset.o)
 .debug_abbrev  0x0000009e       0xc9 C:/Users/Ryujou/AppData/Local/stm32cube/bundles/gnu-tools-for-stm32/14.3.1+st.2/bin/../lib/gcc/arm-none-eabi/14.3.1/../../../../arm-none-eabi/lib/thumb/v6-m/nofp\libg_nano.a(libc_a-init.o)
 .debug_abbrev  0x00000167       0xc1 C:/Users/Ryujou/AppData/Local/stm32cube/bundles/gnu-tools-for-stm32/14.3.1+st.2/bin/../lib/gcc/arm-none-eabi/14.3.1/../../../../arm-none-eabi/lib/thumb/v6-m/nofp\libg_nano.a(libc_a-memcpy-stub.o)

.debug_loclists
                0x00000000      0x18a
 .debug_loclists
                0x00000000       0x80 C:/Users/Ryujou/AppData/Local/stm32cube/bundles/gnu-tools-for-stm32/14.3.1+st.2/bin/../lib/gcc/arm-none-eabi/14.3.1/../../../../arm-none-eabi/lib/thumb/v6-m/nofp\libg_nano.a(libc_a-memset.o)
 .debug_loclists
                0x00000080       0x5b C:/Users/Ryujou/AppData/Local/stm32cube/bundles/gnu-tools-for-stm32/14.3.1+st.2/bin/../lib/gcc/arm-none-eabi/14.3.1/../../../../arm-none-eabi/lib/thumb/v6-m/nofp\libg_nano.a(libc_a-init.o)
 .debug_loclists
                0x000000db       0xaf C:/Users/Ryujou/AppData/Local/stm32cube/bundles/gnu-tools-for-stm32/14.3.1+st.2/bin/../lib/gcc/arm-none-eabi/14.3.1/../../../../arm-none-eabi/lib/thumb/v6-m/nofp\libg_nano.a(libc_a-memcpy-stub.o)

.debug_aranges  0x00000000       0x60
 .debug_aranges
                0x00000000       0x20 C:/Users/Ryujou/AppData/Local/stm32cube/bundles/gnu-tools-for-stm32/14.3.1+st.2/bin/../lib/gcc/arm-none-eabi/14.3.1/../../../../arm-none-eabi/lib/thumb/v6-m/nofp\libg_nano.a(libc_a-memset.o)
 .debug_aranges
                0x00000020       0x20 C:/Users/Ryujou/AppData/Local/stm32cube/bundles/gnu-tools-for-stm32/14.3.1+st.2/bin/../lib/gcc/arm-none-eabi/14.3.1/../../../../arm-none-eabi/lib/thumb/v6-m/nofp\libg_nano.a(libc_a-init.o)
 .debug_aranges
                0x00000040       0x20 C:/Users/Ryujou/AppData/Local/stm32cube/bundles/gnu-tools-for-stm32/14.3.1+st.2/bin/../lib/gcc/arm-none-eabi/14.3.1/../../../../arm-none-eabi/lib/thumb/v6-m/nofp\libg_nano.a(libc_a-memcpy-stub.o)

.debug_rnglists
                0x00000000       0x39
 .debug_rnglists
                0x00000000       0x13 C:/Users/Ryujou/AppData/Local/stm32cube/bundles/gnu-tools-for-stm32/14.3.1+st.2/bin/../lib/gcc/arm-none-eabi/14.3.1/../../../../arm-none-eabi/lib/thumb/v6-m/nofp\libg_nano.a(libc_a-memset.o)
 .debug_rnglists
                0x00000013       0x13 C:/Users/Ryujou/AppData/Local/stm32cube/bundles/gnu-tools-for-stm32/14.3.1+st.2/bin/../lib/gcc/arm-none-eabi/14.3.1/../../../../arm-none-eabi/lib/thumb/v6-m/nofp\libg_nano.a(libc_a-init.o)
 .debug_rnglists
                0x00000026       0x13 C:/Users/Ryujou/AppData/Local/stm32cube/bundles/gnu-tools-for-stm32/14.3.1+st.2/bin/../lib/gcc/arm-none-eabi/14.3.1/../../../../arm-none-eabi/lib/thumb/v6-m/nofp\libg_nano.a(libc_a-memcpy-stub.o)

.debug_line     0x00000000      0x4e5
 .debug_line    0x00000000      0x178 C:/Users/Ryujou/AppData/Local/stm32cube/bundles/gnu-tools-for-stm32/14.3.1+st.2/bin/../lib/gcc/arm-none-eabi/14.3.1/../../../../arm-none-eabi/lib/thumb/v6-m/nofp\libg_nano.a(libc_a-memset.o)
 .debug_line    0x00000178      0x16c C:/Users/Ryujou/AppData/Local/stm32cube/bundles/gnu-tools-for-stm32/14.3.1+st.2/bin/../lib/gcc/arm-none-eabi/14.3.1/../../../../arm-none-eabi/lib/thumb/v6-m/nofp\libg_nano.a(libc_a-init.o)
 .debug_line    0x000002e4      0x201 C:/Users/Ryujou/AppData/Local/stm32cube/bundles/gnu-tools-for-stm32/14.3.1+st.2/bin/../lib/gcc/arm-none-eabi/14.3.1/../../../../arm-none-eabi/lib/thumb/v6-m/nofp\libg_nano.a(libc_a-memcpy-stub.o)

.debug_str      0x00000000      0x312
 .debug_str     0x00000000      0x312 C:/Users/Ryujou/AppData/Local/stm32cube/bundles/gnu-tools-for-stm32/14.3.1+st.2/bin/../lib/gcc/arm-none-eabi/14.3.1/../../../../arm-none-eabi/lib/thumb/v6-m/nofp\libg_nano.a(libc_a-memset.o)
                                0x20a (size before relaxing)
 .debug_str     0x00000312      0x26b C:/Users/Ryujou/AppData/Local/stm32cube/bundles/gnu-tools-for-stm32/14.3.1+st.2/bin/../lib/gcc/arm-none-eabi/14.3.1/../../../../arm-none-eabi/lib/thumb/v6-m/nofp\libg_nano.a(libc_a-init.o)
 .debug_str     0x00000312      0x228 C:/Users/Ryujou/AppData/Local/stm32cube/bundles/gnu-tools-for-stm32/14.3.1+st.2/bin/../lib/gcc/arm-none-eabi/14.3.1/../../../../arm-none-eabi/lib/thumb/v6-m/nofp\libg_nano.a(libc_a-memcpy-stub.o)
